#
# There is insufficient memory for the Java Runtime Environment to continue.
# Native memory allocation (malloc) failed to allocate 1701656 bytes. Error detail: Chunk::new
# Possible reasons:
#   The system is out of physical RAM or swap space
#   This process is running with CompressedOops enabled, and the Java Heap may be blocking the growth of the native heap
# Possible solutions:
#   Reduce memory load on the system
#   Increase physical memory or swap space
#   Check if swap backing store is full
#   Decrease Java heap size (-Xmx/-Xms)
#   Decrease number of Java threads
#   Decrease Java thread stack sizes (-Xss)
#   Set larger code cache with -XX:ReservedCodeCacheSize=
#   JVM is running with Zero Based Compressed Oops mode in which the Java heap is
#     placed in the first 32GB address space. The Java Heap base address is the
#     maximum limit for the native heap growth. Please use -XX:HeapBaseMinAddress
#     to set the Java Heap base and to place the Java Heap above 32GB virtual address.
# This output file may be truncated or incomplete.
#
#  Out of Memory Error (arena.cpp:193), pid=19676, tid=6188
#
# JRE version: Java(TM) SE Runtime Environment (26.0.2.1+1) (build 26.0.2.1+1-7)
# Java VM: Java HotSpot(TM) 64-Bit Server VM (26.0.2.1+1-7, mixed mode, sharing, tiered, compressed oops, compressed class ptrs, g1 gc, windows-amd64)
# No core dump will be written. Minidumps are not enabled by default on client versions of Windows
#

---------------  S U M M A R Y ------------

Command Line: -javaagent:C:\Users\GovindJ\AppData\Local\JetBrains\IntelliJIdea2026.2\captureAgent\debugger-agent.jar=file:///C:/Users/GovindJ/AppData/Local/Temp/capture1251732291795831379.props -ea -Didea.test.cyclic.buffer.size=1048576 -javaagent:C:\Program Files\JetBrains\IntelliJ IDEA 2026.2.1\lib\idea_rt.jar=56065 -Dkotlinx.coroutines.debug.enable.creation.stack.trace=false -Ddebugger.agent.enable.coroutines=true -Dkotlinx.coroutines.debug.enable.flows.stack.trace=true -Dkotlinx.coroutines.debug.enable.mutable.state.flows.stack.trace=true -Ddebugger.async.stack.trace.for.all.threads=true -Ddebugger.agent.enable.log.capture=true -Dfile.encoding=UTF-8 -Dsun.stdout.encoding=UTF-8 -Dsun.stderr.encoding=UTF-8 com.intellij.rt.junit.JUnitStarter -ideVersion5 -junit5 tests.RequestLoanResultTest

Host: Intel(R) Core(TM) Ultra 5 235U, 14 cores, 15G,  Windows 11 , 64 bit Build 26100 (10.0.26100.9444)
Time: Tue Sep 15 15:46:05 2026 India Standard Time elapsed time: 6.717672 seconds (0d 0h 0m 6s)

---------------  T H R E A D  ---------------

Current thread (0x000001fcba775540):  JavaThread "C2 CompilerThread0" daemon [_thread_in_native, id=6188, stack(0x000000f315900000,0x000000f315a00000) (1024K)]


Current CompileTask:
C2:6717 2824       4       java.io.WinNTFileSystem::normalize (148 bytes)

Stack: [0x000000f315900000,0x000000f315a00000]
Native frames: (J=compiled Java code, j=interpreted, Vv=VM code, C=native code)
V  [jvm.dll+0x7d6ea9]  (no source info available)
V  [jvm.dll+0x7a4dcd]  (no source info available)
V  [jvm.dll+0x9b2390]  (no source info available)
V  [jvm.dll+0x9b47e1]  (no source info available)
V  [jvm.dll+0x9b4ef3]  (no source info available)
V  [jvm.dll+0x30f4d6]  (no source info available)
V  [jvm.dll+0x11ddb6]  (no source info available)
V  [jvm.dll+0x11e0de]  (no source info available)
V  [jvm.dll+0x1b00f6]  (no source info available)
V  [jvm.dll+0x3cc262]  (no source info available)
V  [jvm.dll+0x7dfaa2]  (no source info available)
V  [jvm.dll+0x2d2947]  (no source info available)
V  [jvm.dll+0x2d18bf]  (no source info available)
V  [jvm.dll+0x246d30]  (no source info available)
V  [jvm.dll+0x2e19dc]  (no source info available)
V  [jvm.dll+0x2dfbbd]  (no source info available)
V  [jvm.dll+0x4a5a61]  (no source info available)
V  [jvm.dll+0x950d59]  (no source info available)
V  [jvm.dll+0x7d8988]  (no source info available)
C  [ucrtbase.dll+0x2cd30]  (no source info available)
C  [KERNEL32.DLL+0x2cd87]  (no source info available)
C  [ntdll.dll+0xacaec]  (no source info available)

Lock stack of current Java thread (top to bottom):


---------------  P R O C E S S  ---------------

Threads class SMR info:
_java_thread_list=0x000001fcbf18af20, length=37, elements={
0x000001fc9a2bc3a0, 0x000001fcba71de20, 0x000001fcba71f5e0, 0x000001fcba7241b0,
0x000001fcba724d60, 0x000001fcba725910, 0x000001fcba733880, 0x000001fcba775540,
0x000001fcba777d50, 0x000001fcbab77310, 0x000001fcbad004b0, 0x000001fcbf047670,
0x000001fcbf3b6780, 0x000001fcbf41bee0, 0x000001fcbfcea2f0, 0x000001fcbfcf00b0,
0x000001fcbfcef110, 0x000001fcc061ce00, 0x000001fcc061f510, 0x000001fcc11bac70,
0x000001fcc11bb440, 0x000001fcc11bbc10, 0x000001fcc1c16a10, 0x000001fcc1c18180,
0x000001fcc1c171e0, 0x000001fcc1c152a0, 0x000001fcc1c1b060, 0x000001fcc1c1b830,
0x000001fcc1c198f0, 0x000001fcbfe82280, 0x000001fcbfe7ebd0, 0x000001fcbfe84990,
0x000001fcbfe812e0, 0x000001fcbfeee270, 0x000001fcbfeec330, 0x000001fcbfeeabc0,
0x000001fcc0a93cc0
}

Java Threads: ( => current thread )
  0x000001fc9a2bc3a0 JavaThread "main"                              [_thread_blocked, id=14928, stack(0x000000f314a00000,0x000000f314b00000) (1024K)]
  0x000001fcba71de20 JavaThread "Reference Handler"          daemon [_thread_blocked, id=6928, stack(0x000000f315300000,0x000000f315400000) (1024K)]
  0x000001fcba71f5e0 JavaThread "Finalizer"                  daemon [_thread_blocked, id=7268, stack(0x000000f315400000,0x000000f315500000) (1024K)]
  0x000001fcba7241b0 JavaThread "Signal Dispatcher"          daemon [_thread_blocked, id=14452, stack(0x000000f315500000,0x000000f315600000) (1024K)]
  0x000001fcba724d60 JavaThread "Attach Listener"            daemon [_thread_blocked, id=17164, stack(0x000000f315600000,0x000000f315700000) (1024K)]
  0x000001fcba725910 JavaThread "Service Thread"             daemon [_thread_blocked, id=4380, stack(0x000000f315700000,0x000000f315800000) (1024K)]
  0x000001fcba733880 JavaThread "Monitor Deflation Thread"   daemon [_thread_blocked, id=18280, stack(0x000000f315800000,0x000000f315900000) (1024K)]
=>0x000001fcba775540 JavaThread "C2 CompilerThread0"         daemon [_thread_in_native, id=6188, stack(0x000000f315900000,0x000000f315a00000) (1024K)]
  0x000001fcba777d50 JavaThread "C1 CompilerThread0"         daemon [_thread_blocked, id=20472, stack(0x000000f315a00000,0x000000f315b00000) (1024K)]
  0x000001fcbab77310 JavaThread "Common-Cleaner"             daemon [_thread_blocked, id=20296, stack(0x000000f315c00000,0x000000f315d00000) (1024K)]
  0x000001fcbad004b0 JavaThread "IntelliJ Debugger Overhead Detector Coarse Timer" daemon [_thread_blocked, id=19756, stack(0x000000f315e00000,0x000000f315f00000) (1024K)]
  0x000001fcbf047670 JavaThread "IntelliJ Debugger Helper Thread" daemon [_thread_blocked, id=19732, stack(0x000000f315f00000,0x000000f316000000) (1024K)]
  0x000001fcbf3b6780 JavaThread "Monitor Ctrl-Break"         daemon [_thread_in_native, id=20264, stack(0x000000f316000000,0x000000f316100000) (1024K)]
  0x000001fcbf41bee0 JavaThread "Notification Thread"        daemon [_thread_blocked, id=19128, stack(0x000000f316100000,0x000000f316200000) (1024K)]
  0x000001fcbfcea2f0 JavaThread "RMI TCP Accept-0"           daemon [_thread_in_native, id=12248, stack(0x000000f316600000,0x000000f316700000) (1024K)]
  0x000001fcbfcf00b0 JavaThread "RMI TCP Connection(1)-9.123.107.146" daemon [_thread_in_native, id=9484, stack(0x000000f316700000,0x000000f316800000) (1024K)]
  0x000001fcbfcef110 JavaThread "RMI Scheduler(0)"           daemon [_thread_blocked, id=17616, stack(0x000000f316800000,0x000000f316900000) (1024K)]
  0x000001fcc061ce00 JavaThread "JMX server connection timeout 42" daemon [_thread_blocked, id=14352, stack(0x000000f316c00000,0x000000f316d00000) (1024K)]
  0x000001fcc061f510 JavaThread "ForkJoinPool.commonPool-worker-1" daemon [_thread_blocked, id=10392, stack(0x000000f315b00000,0x000000f315c00000) (1024K)]
  0x000001fcc11bac70 JavaThread "VirtualThread-unblocker"    daemon [_thread_blocked, id=19520, stack(0x000000f317200000,0x000000f317300000) (1024K)]
  0x000001fcc11bb440 JavaThread "ForkJoinPool-1-worker-1"    daemon [_thread_in_native, id=7220, stack(0x000000f317300000,0x000000f317400000) (1024K)]
  0x000001fcc11bbc10 JavaThread "ForkJoinPool-1-worker-2"    daemon [_thread_in_native, id=19560, stack(0x000000f317400000,0x000000f317500000) (1024K)]
  0x000001fcc1c16a10 JavaThread "External Process Output Forwarder - C:\Users\GovindJ\.cache\selenium\chromedriver\win64\152.0.7977.82\chromedriver.exe" daemon [_thread_in_native, id=18524, stack(0x000000f316400000,0x000000f316500000) (1024K)]
  0x000001fcc1c18180 JavaThread "Driver Service Executor"    daemon [_thread_blocked, id=15216, stack(0x000000f317500000,0x000000f317600000) (1024K)]
  0x000001fcc1c171e0 JavaThread "Driver Service Executor"    daemon [_thread_in_native, id=18604, stack(0x000000f317600000,0x000000f317700000) (1024K)]
  0x000001fcc1c152a0 JavaThread "UrlChecker-2"               daemon [_thread_blocked, id=4988, stack(0x000000f317700000,0x000000f317800000) (1024K)]
  0x000001fcc1c1b060 JavaThread "Keep-Alive-Timer"           daemon [_thread_blocked, id=17028, stack(0x000000f317900000,0x000000f317a00000) (1024K)]
  0x000001fcc1c1b830 JavaThread "JdkHttpClient-0-0"          daemon [_thread_blocked, id=19644, stack(0x000000f317a00000,0x000000f317b00000) (1024K)]
  0x000001fcc1c198f0 JavaThread "ForkJoinPool.commonPool-delayScheduler" daemon [_thread_blocked, id=20392, stack(0x000000f317b00000,0x000000f317c00000) (1024K)]
  0x000001fcbfe82280 JavaThread "JdkHttpClient-0-1"          daemon [_thread_blocked, id=8796, stack(0x000000f317c00000,0x000000f317d00000) (1024K)]
  0x000001fcbfe7ebd0 JavaThread "JdkHttpClient-0-2"          daemon [_thread_blocked, id=9844, stack(0x000000f317d00000,0x000000f317e00000) (1024K)]
  0x000001fcbfe84990 JavaThread "JdkHttpClient-0-3"          daemon [_thread_blocked, id=12284, stack(0x000000f317e00000,0x000000f317f00000) (1024K)]
  0x000001fcbfe812e0 JavaThread "ForkJoinPool-1-worker-3"    daemon [_thread_blocked, id=2716, stack(0x000000f317f00000,0x000000f318000000) (1024K)]
  0x000001fcbfeee270 JavaThread "JdkHttpClient-1-0"          daemon [_thread_blocked, id=5528, stack(0x000000f318000000,0x000000f318100000) (1024K)]
  0x000001fcbfeec330 JavaThread "JdkHttpClient-1-1"          daemon [_thread_blocked, id=8180, stack(0x000000f318100000,0x000000f318200000) (1024K)]
  0x000001fcbfeeabc0 JavaThread "JdkHttpClient-1-2"          daemon [_thread_blocked, id=4904, stack(0x000000f318200000,0x000000f318300000) (1024K)]
  0x000001fcc0a93cc0 JavaThread "C2 CompilerThread1"         daemon [_thread_blocked, id=17708, stack(0x000000f318300000,0x000000f318400000) (1024K)]
Total: 37

Other Threads:
  0x000001fcba70d9d0 VMThread "VM Thread"                           [id=796, stack(0x000000f315200000,0x000000f315300000) (1024K)]
  0x000001fcba6fc8f0 WatcherThread "VM Periodic Task Thread"        [id=18120, stack(0x000000f315100000,0x000000f315200000) (1024K)]
  0x000001fc9a30c0f0 WorkerThread "GC Thread#0"                     [id=12332, stack(0x000000f314b00000,0x000000f314c00000) (1024K)]
  0x000001fcbabffcc0 WorkerThread "GC Thread#1"                     [id=20084, stack(0x000000f315d00000,0x000000f315e00000) (1024K)]
  0x000001fcbac9baf0 WorkerThread "GC Thread#2"                     [id=14072, stack(0x000000f316200000,0x000000f316300000) (1024K)]
  0x000001fcbac9e610 WorkerThread "GC Thread#3"                     [id=17772, stack(0x000000f316300000,0x000000f316400000) (1024K)]
  0x000001fcc043c8d0 WorkerThread "GC Thread#4"                     [id=19596, stack(0x000000f316500000,0x000000f316600000) (1024K)]
  0x000001fcc043cd20 WorkerThread "GC Thread#5"                     [id=18536, stack(0x000000f316900000,0x000000f316a00000) (1024K)]
  0x000001fcc043efa0 WorkerThread "GC Thread#6"                     [id=18812, stack(0x000000f316a00000,0x000000f316b00000) (1024K)]
  0x000001fcc043e2b0 WorkerThread "GC Thread#7"                     [id=352, stack(0x000000f316b00000,0x000000f316c00000) (1024K)]
  0x000001fcc04434a0 WorkerThread "GC Thread#8"                     [id=7536, stack(0x000000f316d00000,0x000000f316e00000) (1024K)]
  0x000001fcc0443050 WorkerThread "GC Thread#9"                     [id=19988, stack(0x000000f316e00000,0x000000f316f00000) (1024K)]
  0x000001fcbac9b250 WorkerThread "GC Thread#10"                    [id=7108, stack(0x000000f316f00000,0x000000f317000000) (1024K)]
  0x000001fc9a3279c0 ConcurrentGCThread "G1 Main Marker"            [id=18324, stack(0x000000f314c00000,0x000000f314d00000) (1024K)]
  0x000001fc9a328340 WorkerThread "G1 Conc#0"                       [id=6316, stack(0x000000f314d00000,0x000000f314e00000) (1024K)]
  0x000001fcc19b75b0 WorkerThread "G1 Conc#1"                       [id=17188, stack(0x000000f317000000,0x000000f317100000) (1024K)]
  0x000001fcc19ba0d0 WorkerThread "G1 Conc#2"                       [id=14204, stack(0x000000f317100000,0x000000f317200000) (1024K)]
  0x000001fc9a36df70 WorkerThread "G1 Refinement Workers#0"         [id=15740, stack(0x000000f314f00000,0x000000f315000000) (1024K)]
  0x000001fc9a36d5b0 ConcurrentGCThread "G1 Refine Control"         [id=18912, stack(0x000000f314e00000,0x000000f314f00000) (1024K)]
  0x000001fc9a36e8e0 ConcurrentGCThread "G1 Service"                [id=14676, stack(0x000000f315000000,0x000000f315100000) (1024K)]
Total: 20

Threads with active compile tasks:
C2 CompilerThread0  6901 2824       4       java.io.WinNTFileSystem::normalize (148 bytes)
Total: 1

VM state: not at safepoint (normal execution)

VM Mutex/Monitor currently owned by a thread: None

Heap address: 0x0000000708a00000, size: 3958 MB, Compressed Oops mode: Zero based, Oop shift amount: 3

CDS archive(s) mapped at: [0x0000000016000000-0x0000000016de0000-0x0000000016de0000), size 14548992, SharedBaseAddress: 0x0000000016000000, ArchiveRelocationMode: 1.
Compressed class space mapped at: 0x0000000017000000-0x0000000057000000, reserved size: 1073741824
UseCompressedClassPointers 1, UseCompactObjectHeaders 0
Narrow klass pointer bits 32, Max shift 3
Narrow klass base: 0x0000000016000000, Narrow klass shift: 0
Encoding Range: [0x0000000016000000 - 0x0000000116000000), (4294967296 bytes)
Klass Range:    [0x0000000016000000 - 0x0000000057000000), (1090519040 bytes)
Klass ID Range:  [8 - 1090519033) (1090519025)
Protection zone: [0x0000000016000000 - 0x0000000016010000), (65536 bytes)

GC Precious Log:
 CardTable entry size: 512
 Card Set container configuration: InlinePtr #cards 4 size 8 Array Of Cards #cards 16 size 48 Howl #buckets 8 coarsen threshold 3686 Howl Bitmap #cards 512 size 80 coarsen threshold 460 Card regions per heap region 1 cards per card region 4096
 CPUs: 14 total, 14 available
 Memory: 15828M
 Large Page Support: Disabled
 NUMA Support: Disabled
 Compressed Oops: Enabled (Zero based)
 Heap Region Size: 2M
 Heap Min Capacity: 8M
 Heap Initial Capacity: 8M
 Heap Max Capacity: 3958M
 Pre-touch: Disabled
 Parallel Workers: 11
 Concurrent Workers: 3
 Concurrent Refinement Workers: 11
 Periodic GC: Disabled

Heap:
 garbage-first heap   total reserved 4052992K, committed 92160K, used 30563K [0x0000000708a00000, 0x0000000800000000)
  region size 2M, 10 eden (20M), 3 survivor (6M), 4 old (8M), 0 humongous (0M), 28 free (56M)

Heap Regions: E=young(eden), S=young(survivor), O=old, HS=humongous(starts), HC=humongous(continues), CS=collection set, F=free, TAMS=top-at-mark-start, PB=parsable bottom
|    0|0x0000000708a00000, 0x0000000708c00000, 0x0000000708c00000|100%| O|  |TAMS 0x0000000708a00000| PB 0x0000000708a00000| Untracked |  0
|    1|0x0000000708c00000, 0x0000000708e00000, 0x0000000708e00000|100%| O|  |TAMS 0x0000000708c00000| PB 0x0000000708c00000| Untracked |  0
|    2|0x0000000708e00000, 0x0000000708fb5f28, 0x0000000709000000| 85%| O|  |TAMS 0x0000000708e00000| PB 0x0000000708e00000| Untracked |  0
|    3|0x0000000709000000, 0x0000000709000000, 0x0000000709200000|  0%| F|  |TAMS 0x0000000709000000| PB 0x0000000709000000| Untracked |  0
|    4|0x0000000709200000, 0x0000000709200000, 0x0000000709400000|  0%| F|  |TAMS 0x0000000709200000| PB 0x0000000709200000| Untracked |  0
|    5|0x0000000709400000, 0x0000000709400000, 0x0000000709600000|  0%| F|  |TAMS 0x0000000709400000| PB 0x0000000709400000| Untracked |  0
|    6|0x0000000709600000, 0x0000000709600000, 0x0000000709800000|  0%| F|  |TAMS 0x0000000709600000| PB 0x0000000709600000| Untracked |  0
|    7|0x0000000709800000, 0x0000000709800000, 0x0000000709a00000|  0%| F|  |TAMS 0x0000000709800000| PB 0x0000000709800000| Untracked |  0
|    8|0x0000000709a00000, 0x0000000709a00000, 0x0000000709c00000|  0%| F|  |TAMS 0x0000000709a00000| PB 0x0000000709a00000| Untracked |  0
|    9|0x0000000709c00000, 0x0000000709c00000, 0x0000000709e00000|  0%| F|  |TAMS 0x0000000709c00000| PB 0x0000000709c00000| Untracked |  0
|   10|0x0000000709e00000, 0x0000000709e00000, 0x000000070a000000|  0%| F|  |TAMS 0x0000000709e00000| PB 0x0000000709e00000| Untracked |  0
|   11|0x000000070a000000, 0x000000070a000000, 0x000000070a200000|  0%| F|  |TAMS 0x000000070a000000| PB 0x000000070a000000| Untracked |  0
|   12|0x000000070a200000, 0x000000070a200000, 0x000000070a400000|  0%| F|  |TAMS 0x000000070a200000| PB 0x000000070a200000| Untracked |  0
|   13|0x000000070a400000, 0x000000070a400000, 0x000000070a600000|  0%| F|  |TAMS 0x000000070a400000| PB 0x000000070a400000| Untracked |  0
|   14|0x000000070a600000, 0x000000070a600000, 0x000000070a800000|  0%| F|  |TAMS 0x000000070a600000| PB 0x000000070a600000| Untracked |  0
|   15|0x000000070a800000, 0x000000070a800000, 0x000000070aa00000|  0%| F|  |TAMS 0x000000070a800000| PB 0x000000070a800000| Untracked |  0
|   16|0x000000070aa00000, 0x000000070aa00000, 0x000000070ac00000|  0%| F|  |TAMS 0x000000070aa00000| PB 0x000000070aa00000| Untracked |  0
|   17|0x000000070ac00000, 0x000000070ac00000, 0x000000070ae00000|  0%| F|  |TAMS 0x000000070ac00000| PB 0x000000070ac00000| Untracked |  0
|   18|0x000000070ae00000, 0x000000070ae00000, 0x000000070b000000|  0%| F|  |TAMS 0x000000070ae00000| PB 0x000000070ae00000| Untracked |  0
|   19|0x000000070b000000, 0x000000070b000000, 0x000000070b200000|  0%| F|  |TAMS 0x000000070b000000| PB 0x000000070b000000| Untracked |  0
|   20|0x000000070b200000, 0x000000070b200000, 0x000000070b400000|  0%| F|  |TAMS 0x000000070b200000| PB 0x000000070b200000| Untracked |  0
|   21|0x000000070b400000, 0x000000070b400000, 0x000000070b600000|  0%| F|  |TAMS 0x000000070b400000| PB 0x000000070b400000| Untracked |  0
|   22|0x000000070b600000, 0x000000070b6fa080, 0x000000070b800000| 48%| S|CS|TAMS 0x000000070b600000| PB 0x000000070b600000| Complete  |  0
|   23|0x000000070b800000, 0x000000070ba00000, 0x000000070ba00000|100%| S|CS|TAMS 0x000000070b800000| PB 0x000000070b800000| Complete  |  0
|   24|0x000000070ba00000, 0x000000070bc00000, 0x000000070bc00000|100%| S|CS|TAMS 0x000000070ba00000| PB 0x000000070ba00000| Complete  |  0
|   25|0x000000070bc00000, 0x000000070bc00000, 0x000000070be00000|  0%| F|  |TAMS 0x000000070bc00000| PB 0x000000070bc00000| Untracked |  0
|   26|0x000000070be00000, 0x000000070be00000, 0x000000070c000000|  0%| F|  |TAMS 0x000000070be00000| PB 0x000000070be00000| Untracked |  0
|   27|0x000000070c000000, 0x000000070c000000, 0x000000070c200000|  0%| F|  |TAMS 0x000000070c000000| PB 0x000000070c000000| Untracked |  0
|   28|0x000000070c200000, 0x000000070c200000, 0x000000070c400000|  0%| F|  |TAMS 0x000000070c200000| PB 0x000000070c200000| Untracked |  0
|   29|0x000000070c400000, 0x000000070c400000, 0x000000070c600000|  0%| F|  |TAMS 0x000000070c400000| PB 0x000000070c400000| Untracked |  0
|   30|0x000000070c600000, 0x000000070c600000, 0x000000070c800000|  0%| F|  |TAMS 0x000000070c600000| PB 0x000000070c600000| Untracked |  0
|   31|0x000000070c800000, 0x000000070c800000, 0x000000070ca00000|  0%| F|  |TAMS 0x000000070c800000| PB 0x000000070c800000| Untracked |  0
|   32|0x000000070ca00000, 0x000000070ca00000, 0x000000070cc00000|  0%| F|  |TAMS 0x000000070ca00000| PB 0x000000070ca00000| Untracked |  0
|   33|0x000000070cc00000, 0x000000070cc00000, 0x000000070ce00000|  0%| F|  |TAMS 0x000000070cc00000| PB 0x000000070cc00000| Untracked |  0
|   34|0x000000070ce00000, 0x000000070d000000, 0x000000070d000000|100%| E|CS|TAMS 0x000000070ce00000| PB 0x000000070ce00000| Complete  |  1
|   35|0x000000070d000000, 0x000000070d200000, 0x000000070d200000|100%| E|CS|TAMS 0x000000070d000000| PB 0x000000070d000000| Complete  |  0
|   36|0x000000070d200000, 0x000000070d400000, 0x000000070d400000|100%| E|CS|TAMS 0x000000070d200000| PB 0x000000070d200000| Complete  |  0
|   37|0x000000070d400000, 0x000000070d600000, 0x000000070d600000|100%| E|CS|TAMS 0x000000070d400000| PB 0x000000070d400000| Complete  |  0
|   38|0x000000070d600000, 0x000000070d800000, 0x000000070d800000|100%| E|CS|TAMS 0x000000070d600000| PB 0x000000070d600000| Complete  |  0
|   39|0x000000070d800000, 0x000000070da00000, 0x000000070da00000|100%| E|CS|TAMS 0x000000070d800000| PB 0x000000070d800000| Complete  |  0
|   40|0x000000070da00000, 0x000000070dc00000, 0x000000070dc00000|100%| E|CS|TAMS 0x000000070da00000| PB 0x000000070da00000| Complete  |  0
|   41|0x000000070dc00000, 0x000000070de00000, 0x000000070de00000|100%| E|CS|TAMS 0x000000070dc00000| PB 0x000000070dc00000| Complete  |  0
|   42|0x000000070de00000, 0x000000070e000000, 0x000000070e000000|100%| E|CS|TAMS 0x000000070de00000| PB 0x000000070de00000| Complete  |  0
|   43|0x000000070e000000, 0x000000070e200000, 0x000000070e200000|100%| E|CS|TAMS 0x000000070e000000| PB 0x000000070e000000| Complete  |  0
| 1978|0x00000007ffe00000, 0x00000007fff28e98, 0x0000000800000000| 57%| O|Cm|TAMS 0x00000007ffe00000| PB 0x00000007ffe00000| Complete  |  0

Card table byte_map: [0x000001fcb2ec0000,0x000001fcb3680000] _byte_map_base: 0x000001fcaf67b000
Refinement table byte_map: [0x000001fcb3680000,0x000001fcb3e40000] _byte_map_base: 0x000001fcafe3b000

Marking Bits: (CMBitMap*) 0x000001fc9a30ee90
 Bits: [0x000001fcb3e40000, 0x000001fcb7c18000)

Polling page: 0x000001fc97e00000

Metaspace:
Metaspace        used 25121K, committed 25472K, reserved 1114112K
 class space     used 3172K, committed 3328K, reserved 1048576K

Usage:
  Non-class:     21.43 MB used.
      Class:      3.10 MB used.
       Both:     24.53 MB used.

Virtual space:
  Non-class space:       64.00 MB reserved,      21.62 MB ( 34%) committed,  1 nodes.
      Class space:        1.00 GB reserved,       3.25 MB ( <1%) committed,  1 nodes.
             Both:        1.06 GB reserved,      24.88 MB (  2%) committed. 

Chunk freelists:
   Non-Class:  9.71 MB
       Class:  12.59 MB
        Both:  22.30 MB

MaxMetaspaceSize: unlimited
CompressedClassSpaceSize: 1.00 GB
Initial GC threshold: 21.00 MB
Current GC threshold: 35.12 MB
CDS: on
 - commit_granule_bytes: 65536.
 - commit_granule_words: 8192.
 - virtual_space_node_default_size: 8388608.
 - enlarge_chunks_in_place: 1.
UseCompressedClassPointers 1, UseCompactObjectHeaders 0
Narrow klass pointer bits 32, Max shift 3
Narrow klass base: 0x0000000016000000, Narrow klass shift: 0
Encoding Range: [0x0000000016000000 - 0x0000000116000000), (4294967296 bytes)
Klass Range:    [0x0000000016000000 - 0x0000000057000000), (1090519040 bytes)
Klass ID Range:  [8 - 1090519033) (1090519025)
Protection zone: [0x0000000016000000 - 0x0000000016010000), (65536 bytes)


Internal statistics:

num_allocs_failed_limit: 3.
num_arena_births: 296.
num_arena_deaths: 0.
num_vsnodes_births: 2.
num_vsnodes_deaths: 0.
num_space_committed: 398.
num_space_uncommitted: 0.
num_chunks_returned_to_freelist: 3.
num_chunks_taken_from_freelist: 758.
num_chunk_merges: 3.
num_chunk_splits: 431.
num_chunks_enlarged: 280.
num_inconsistent_stats: 0.

CodeHeap 'non-profiled nmethods': size=120064Kb used=928Kb max_used=928Kb free=119135Kb
 bounds [0x000001fcaaa40000, 0x000001fcaacb0000, 0x000001fcb1f80000]
CodeHeap 'profiled nmethods': size=120064Kb used=4349Kb max_used=4349Kb free=115714Kb
 bounds [0x000001fca2f60000, 0x000001fca33a0000, 0x000001fcaa4a0000]
CodeHeap 'non-nmethods': size=5760Kb used=1497Kb max_used=1537Kb free=4262Kb
 bounds [0x000001fcaa4a0000, 0x000001fcaa710000, 0x000001fcaaa40000]
CodeCache: size=245888Kb, used=6774Kb, max_used=6814Kb, free=239111Kb
 total_blobs=3525, nmethods=2918, adapters=510, full_count=0
Compilation: enabled, stopped_count=0, restarted_count=0

Compilation events (20 events):
Event: 6.705 Thread 0x000001fcba777d50 nmethod 2816 0x000001fca337b288 code [0x000001fca337b380, 0x000001fca337b6b8]
Event: 6.707 Thread 0x000001fcba777d50 2817       3       java.io.WinNTFileSystem::isSlash (18 bytes)
Event: 6.707 Thread 0x000001fcba775540 2818       4       java.util.AbstractCollection::<init> (5 bytes)
Event: 6.707 Thread 0x000001fcba777d50 nmethod 2817 0x000001fca337b708 code [0x000001fca337b800, 0x000001fca337b978]
Event: 6.707 Thread 0x000001fcba777d50 2819       3       java.lang.Math::addExact (32 bytes)
Event: 6.707 Thread 0x000001fcba775540 nmethod 2818 0x000001fcaab23208 code [0x000001fcaab23300, 0x000001fcaab23368]
Event: 6.708 Thread 0x000001fcba777d50 nmethod 2819 0x000001fca337ba08 code [0x000001fca337bb00, 0x000001fca337bcf0]
Event: 6.708 Thread 0x000001fcba777d50 2821       3       java.util.stream.ReduceOps$ReduceOp::<init> (10 bytes)
Event: 6.708 Thread 0x000001fcba777d50 nmethod 2821 0x000001fca337bd08 code [0x000001fca337be00, 0x000001fca337bfb0]
Event: 6.708 Thread 0x000001fcba777d50 2822       3       java.util.stream.ReduceOps$Box::<init> (5 bytes)
Event: 6.708 Thread 0x000001fcba777d50 nmethod 2822 0x000001fca337c008 code [0x000001fca337c100, 0x000001fca337c250]
Event: 6.708 Thread 0x000001fcba777d50 2823       3       java.util.stream.ReduceOps$ReduceOp::evaluateSequential (18 bytes)
Event: 6.708 Thread 0x000001fcba775540 2824       4       java.io.WinNTFileSystem::normalize (148 bytes)
Event: 6.708 Thread 0x000001fcba777d50 nmethod 2823 0x000001fca337c308 code [0x000001fca337c400, 0x000001fca337c838]
Event: 6.709 Thread 0x000001fcba777d50 2825       3       java.nio.CharBuffer::arrayOffset (35 bytes)
Event: 6.709 Thread 0x000001fcba777d50 nmethod 2825 0x000001fca337c888 code [0x000001fca337c980, 0x000001fca337cc90]
Event: 6.711 Thread 0x000001fcba777d50 2826       1       sun.nio.fs.NativeBuffer::owner (5 bytes)
Event: 6.711 Thread 0x000001fcba777d50 nmethod 2826 0x000001fcaab23908 code [0x000001fcaab23a00, 0x000001fcaab23ab8]
Event: 6.714 Thread 0x000001fcba777d50 2827       1       sun.nio.fs.WindowsFileSystem::provider (5 bytes)
Event: 6.714 Thread 0x000001fcba777d50 nmethod 2827 0x000001fcaab23c08 code [0x000001fcaab23d00, 0x000001fcaab23db8]

GC Heap Usage History (16 events):
Event: 0.130 {heap Before GC invocations=0 (full 0):
 garbage-first heap   total reserved 4052992K, committed 10240K, used 3235K [0x0000000708a00000, 0x0000000800000000)
  region size 2M, 1 eden (2M), 0 survivor (0M), 1 old (2M), 0 humongous (0M), 3 free (6M)
}
Event: 0.131 {heap After GC invocations=1 (full 0):
 garbage-first heap   total reserved 4052992K, committed 10240K, used 1891K [0x0000000708a00000, 0x0000000800000000)
  region size 2M, 0 eden (0M), 1 survivor (2M), 1 old (2M), 0 humongous (0M), 3 free (6M)
}
Event: 0.166 {heap Before GC invocations=1 (full 0):
 garbage-first heap   total reserved 4052992K, committed 10240K, used 3939K [0x0000000708a00000, 0x0000000800000000)
  region size 2M, 1 eden (2M), 1 survivor (2M), 1 old (2M), 0 humongous (0M), 2 free (4M)
}
Event: 0.167 {heap After GC invocations=2 (full 0):
 garbage-first heap   total reserved 4052992K, committed 10240K, used 2038K [0x0000000708a00000, 0x0000000800000000)
  region size 2M, 0 eden (0M), 1 survivor (2M), 1 old (2M), 0 humongous (0M), 3 free (6M)
}
Event: 0.196 {heap Before GC invocations=2 (full 0):
 garbage-first heap   total reserved 4052992K, committed 10240K, used 4086K [0x0000000708a00000, 0x0000000800000000)
  region size 2M, 1 eden (2M), 1 survivor (2M), 1 old (2M), 0 humongous (0M), 2 free (4M)
}
Event: 0.199 {heap After GC invocations=3 (full 0):
 garbage-first heap   total reserved 4052992K, committed 30720K, used 3768K [0x0000000708a00000, 0x0000000800000000)
  region size 2M, 0 eden (0M), 1 survivor (2M), 2 old (4M), 0 humongous (0M), 12 free (24M)
}
Event: 0.325 {heap Before GC invocations=3 (full 0):
 garbage-first heap   total reserved 4052992K, committed 30720K, used 11960K [0x0000000708a00000, 0x0000000800000000)
  region size 2M, 5 eden (10M), 1 survivor (2M), 2 old (4M), 0 humongous (0M), 7 free (14M)
}
Event: 0.329 {heap After GC invocations=4 (full 0):
 garbage-first heap   total reserved 4052992K, committed 30720K, used 6897K [0x0000000708a00000, 0x0000000800000000)
  region size 2M, 0 eden (0M), 1 survivor (2M), 3 old (6M), 0 humongous (0M), 11 free (22M)
}
Event: 0.394 {heap Before GC invocations=4 (full 0):
 garbage-first heap   total reserved 4052992K, committed 30720K, used 13041K [0x0000000708a00000, 0x0000000800000000)
  region size 2M, 3 eden (6M), 1 survivor (2M), 3 old (6M), 0 humongous (0M), 8 free (16M)
}
Event: 0.397 {heap After GC invocations=5 (full 0):
 garbage-first heap   total reserved 4052992K, committed 30720K, used 7648K [0x0000000708a00000, 0x0000000800000000)
  region size 2M, 0 eden (0M), 1 survivor (2M), 4 old (8M), 0 humongous (0M), 10 free (20M)
}
Event: 0.475 {heap Before GC invocations=5 (full 0):
 garbage-first heap   total reserved 4052992K, committed 30720K, used 13792K [0x0000000708a00000, 0x0000000800000000)
  region size 2M, 4 eden (8M), 1 survivor (2M), 4 old (8M), 0 humongous (0M), 6 free (12M)
}
Event: 0.477 {heap After GC invocations=6 (full 0):
 garbage-first heap   total reserved 4052992K, committed 30720K, used 7994K [0x0000000708a00000, 0x0000000800000000)
  region size 2M, 0 eden (0M), 1 survivor (2M), 4 old (8M), 0 humongous (0M), 10 free (20M)
}
Event: 0.562 {heap Before GC invocations=6 (full 0):
 garbage-first heap   total reserved 4052992K, committed 30720K, used 16186K [0x0000000708a00000, 0x0000000800000000)
  region size 2M, 4 eden (8M), 1 survivor (2M), 4 old (8M), 0 humongous (0M), 6 free (12M)
}
Event: 0.566 {heap After GC invocations=7 (full 0):
 garbage-first heap   total reserved 4052992K, committed 92160K, used 9083K [0x0000000708a00000, 0x0000000800000000)
  region size 2M, 0 eden (0M), 1 survivor (2M), 4 old (8M), 0 humongous (0M), 40 free (80M)
}
Event: 2.367 {heap Before GC invocations=7 (full 0):
 garbage-first heap   total reserved 4052992K, committed 92160K, used 43899K [0x0000000708a00000, 0x0000000800000000)
  region size 2M, 19 eden (38M), 1 survivor (2M), 4 old (8M), 0 humongous (0M), 21 free (42M)
}
Event: 2.373 {heap After GC invocations=8 (full 0):
 garbage-first heap   total reserved 4052992K, committed 92160K, used 12131K [0x0000000708a00000, 0x0000000800000000)
  region size 2M, 0 eden (0M), 3 survivor (6M), 4 old (8M), 0 humongous (0M), 38 free (76M)
}

Metaspace Usage History (16 events):
Event: 0.130 {metaspace Before GC invocations=0 (full 0):
 Metaspace       used 1133K, committed 1344K, reserved 1114112K
  class space    used 91K, committed 192K, reserved 1048576K
}
Event: 0.131 {metaspace After GC invocations=1 (full 0):
 Metaspace       used 1133K, committed 1344K, reserved 1114112K
  class space    used 91K, committed 192K, reserved 1048576K
}
Event: 0.166 {metaspace Before GC invocations=1 (full 0):
 Metaspace       used 2740K, committed 2944K, reserved 1114112K
  class space    used 277K, committed 384K, reserved 1048576K
}
Event: 0.167 {metaspace After GC invocations=2 (full 0):
 Metaspace       used 2740K, committed 2944K, reserved 1114112K
  class space    used 277K, committed 384K, reserved 1048576K
}
Event: 0.196 {metaspace Before GC invocations=2 (full 0):
 Metaspace       used 2828K, committed 3008K, reserved 1114112K
  class space    used 283K, committed 384K, reserved 1048576K
}
Event: 0.199 {metaspace After GC invocations=3 (full 0):
 Metaspace       used 2828K, committed 3008K, reserved 1114112K
  class space    used 283K, committed 384K, reserved 1048576K
}
Event: 0.325 {metaspace Before GC invocations=3 (full 0):
 Metaspace       used 6902K, committed 7040K, reserved 1114112K
  class space    used 765K, committed 832K, reserved 1048576K
}
Event: 0.329 {metaspace After GC invocations=4 (full 0):
 Metaspace       used 6902K, committed 7040K, reserved 1114112K
  class space    used 765K, committed 832K, reserved 1048576K
}
Event: 0.394 {metaspace Before GC invocations=4 (full 0):
 Metaspace       used 8747K, committed 8832K, reserved 1114112K
  class space    used 1001K, committed 1024K, reserved 1048576K
}
Event: 0.397 {metaspace After GC invocations=5 (full 0):
 Metaspace       used 8747K, committed 8832K, reserved 1114112K
  class space    used 1001K, committed 1024K, reserved 1048576K
}
Event: 0.475 {metaspace Before GC invocations=5 (full 0):
 Metaspace       used 10543K, committed 10752K, reserved 1114112K
  class space    used 1218K, committed 1344K, reserved 1048576K
}
Event: 0.477 {metaspace After GC invocations=6 (full 0):
 Metaspace       used 10543K, committed 10752K, reserved 1114112K
  class space    used 1218K, committed 1344K, reserved 1048576K
}
Event: 0.562 {metaspace Before GC invocations=6 (full 0):
 Metaspace       used 13200K, committed 13440K, reserved 1114112K
  class space    used 1518K, committed 1664K, reserved 1048576K
}
Event: 0.566 {metaspace After GC invocations=7 (full 0):
 Metaspace       used 13200K, committed 13440K, reserved 1114112K
  class space    used 1518K, committed 1664K, reserved 1048576K
}
Event: 2.367 {metaspace Before GC invocations=7 (full 0):
 Metaspace       used 21238K, committed 21504K, reserved 1114112K
  class space    used 2629K, committed 2752K, reserved 1048576K
}
Event: 2.373 {metaspace After GC invocations=8 (full 0):
 Metaspace       used 21238K, committed 21504K, reserved 1114112K
  class space    used 2629K, committed 2752K, reserved 1048576K
}

Dll operation events (20 events):
Event: 0.096 Attempting to load shared library C:\Program Files\Java\jdk-26.0.2.1\bin\instrument.dll
Event: 0.096 Loaded shared library C:\Program Files\Java\jdk-26.0.2.1\bin\instrument.dll
Event: 0.106 Attempting to load shared library C:\Program Files\Java\jdk-26.0.2.1\bin\net.dll
Event: 0.108 Loaded shared library C:\Program Files\Java\jdk-26.0.2.1\bin\net.dll
Event: 0.109 Attempting to load shared library C:\Program Files\Java\jdk-26.0.2.1\bin\nio.dll
Event: 0.111 Loaded shared library C:\Program Files\Java\jdk-26.0.2.1\bin\nio.dll
Event: 0.119 Attempting to load shared library C:\Program Files\Java\jdk-26.0.2.1\bin\zip.dll
Event: 0.119 Loaded shared library C:\Program Files\Java\jdk-26.0.2.1\bin\zip.dll
Event: 0.127 Attempting to load shared library C:\Program Files\Java\jdk-26.0.2.1\bin\jimage.dll
Event: 0.127 Loaded shared library C:\Program Files\Java\jdk-26.0.2.1\bin\jimage.dll
Event: 0.128 Attempting to load shared library C:\Program Files\Java\jdk-26.0.2.1\bin\verify.dll
Event: 0.129 Loaded shared library C:\Program Files\Java\jdk-26.0.2.1\bin\verify.dll
Event: 0.256 Attempting to load shared library C:\Program Files\Java\jdk-26.0.2.1\bin\extnet.dll
Event: 0.260 Loaded shared library C:\Program Files\Java\jdk-26.0.2.1\bin\extnet.dll
Event: 0.273 Attempting to load shared library C:\Program Files\Java\jdk-26.0.2.1\bin\management.dll
Event: 0.274 Loaded shared library C:\Program Files\Java\jdk-26.0.2.1\bin\management.dll
Event: 0.294 Attempting to load shared library C:\Program Files\Java\jdk-26.0.2.1\bin\management_ext.dll
Event: 0.296 Loaded shared library C:\Program Files\Java\jdk-26.0.2.1\bin\management_ext.dll
Event: 2.338 Attempting to load shared library C:\Program Files\Java\jdk-26.0.2.1\bin\sunmscapi.dll
Event: 2.340 Loaded shared library C:\Program Files\Java\jdk-26.0.2.1\bin\sunmscapi.dll

Deoptimization events (20 events):
Event: 2.298 Thread 0x000001fc9a2bc3a0 DEOPT PACKING pc=0x000001fca32e5541 sp=0x000000f314afa310
Event: 2.298 Thread 0x000001fc9a2bc3a0 DEOPT UNPACKING pc=0x000001fcaa4f1a02 sp=0x000000f314af9788 mode 0
Event: 2.298 Thread 0x000001fc9a2bc3a0 DEOPT PACKING pc=0x000001fca32e5541 sp=0x000000f314afa310
Event: 2.298 Thread 0x000001fc9a2bc3a0 DEOPT UNPACKING pc=0x000001fcaa4f1a02 sp=0x000000f314af9788 mode 0
Event: 2.344 Thread 0x000001fc9a2bc3a0 Uncommon trap: trap_request=0xffffff45 fr.pc=0x000001fcaaafc13c relative=0x000000000000023c
Event: 2.344 Thread 0x000001fc9a2bc3a0 Uncommon trap: reason=unstable_if action=reinterpret pc=0x000001fcaaafc13c method=java.util.HashMap.putVal(ILjava/lang/Object;Ljava/lang/Object;ZZ)Ljava/lang/Object; @ 162 c2
Event: 2.344 Thread 0x000001fc9a2bc3a0 DEOPT PACKING pc=0x000001fcaaafc13c sp=0x000000f314af91d0
Event: 2.344 Thread 0x000001fc9a2bc3a0 DEOPT UNPACKING pc=0x000001fcaa5c4182 sp=0x000000f314af90e8 mode 2
Event: 2.353 Thread 0x000001fc9a2bc3a0 Uncommon trap: trap_request=0xffffff3d fr.pc=0x000001fcaaafa550 relative=0x0000000000000350
Event: 2.353 Thread 0x000001fc9a2bc3a0 Uncommon trap: reason=unstable_fused_if action=reinterpret pc=0x000001fcaaafa550 method=java.lang.CharacterDataLatin1.equalsIgnoreCase(BB)Z @ 16 c2
Event: 2.353 Thread 0x000001fc9a2bc3a0 DEOPT PACKING pc=0x000001fcaaafa550 sp=0x000000f314afa390
Event: 2.353 Thread 0x000001fc9a2bc3a0 DEOPT UNPACKING pc=0x000001fcaa5c4182 sp=0x000000f314afa190 mode 2
Event: 2.398 Thread 0x000001fc9a2bc3a0 Uncommon trap: trap_request=0xffffff45 fr.pc=0x000001fcaab09704 relative=0x0000000000000084
Event: 2.398 Thread 0x000001fc9a2bc3a0 Uncommon trap: reason=unstable_if action=reinterpret pc=0x000001fcaab09704 method=jdk.internal.util.DecimalDigits.stringSize(I)I @ 19 c2
Event: 2.398 Thread 0x000001fc9a2bc3a0 DEOPT PACKING pc=0x000001fcaab09704 sp=0x000000f314afb980
Event: 2.398 Thread 0x000001fc9a2bc3a0 DEOPT UNPACKING pc=0x000001fcaa5c4182 sp=0x000000f314afb8f8 mode 2
Event: 2.415 Thread 0x000001fc9a2bc3a0 Uncommon trap: trap_request=0xffffffde fr.pc=0x000001fcaaaaece4 relative=0x00000000000002e4
Event: 2.415 Thread 0x000001fc9a2bc3a0 Uncommon trap: reason=class_check action=maybe_recompile pc=0x000001fcaaaaece4 method=java.util.regex.Pattern$BmpCharPropertyGreedy.match(Ljava/util/regex/Matcher;ILjava/lang/CharSequence;)Z @ 26 c2
Event: 2.415 Thread 0x000001fc9a2bc3a0 DEOPT PACKING pc=0x000001fcaaaaece4 sp=0x000000f314afb2d0
Event: 2.415 Thread 0x000001fc9a2bc3a0 DEOPT UNPACKING pc=0x000001fcaa5c4182 sp=0x000000f314afb268 mode 2

Classes loaded (20 events):
Event: 6.709 Loading class org/openqa/selenium/edge/AddHasCasting
Event: 6.709 Loading class org/openqa/selenium/edge/AddHasCasting done
Event: 6.710 Loading class org/openqa/selenium/edge/AddHasCdp
Event: 6.710 Loading class org/openqa/selenium/edge/AddHasCdp done
Event: 6.712 Loading class org/openqa/selenium/firefox/AddHasContext
Event: 6.712 Loading class org/openqa/selenium/firefox/AddHasContext done
Event: 6.712 Loading class org/openqa/selenium/firefox/HasContext
Event: 6.712 Loading class org/openqa/selenium/firefox/HasContext done
Event: 6.713 Loading class org/openqa/selenium/firefox/AddHasExtensions
Event: 6.713 Loading class org/openqa/selenium/firefox/AddHasExtensions done
Event: 6.713 Loading class org/openqa/selenium/firefox/HasExtensions
Event: 6.713 Loading class org/openqa/selenium/firefox/HasExtensions done
Event: 6.713 Loading class org/openqa/selenium/firefox/AddHasFullPageScreenshot
Event: 6.713 Loading class org/openqa/selenium/firefox/AddHasFullPageScreenshot done
Event: 6.714 Loading class org/openqa/selenium/firefox/HasFullPageScreenshot
Event: 6.714 Loading class org/openqa/selenium/firefox/HasFullPageScreenshot done
Event: 6.715 Loading class org/openqa/selenium/safari/AddHasDebugger
Event: 6.715 Loading class org/openqa/selenium/safari/AddHasDebugger done
Event: 6.716 Loading class org/openqa/selenium/safari/AddHasPermissions
Event: 6.716 Loading class org/openqa/selenium/safari/AddHasPermissions done

Classes unloaded (0 events):
No events

Classes redefined (2 events):
Event: 0.148 Thread 0x000001fcba70d9d0 redefined class name=java.lang.Throwable, count=1
Event: 0.164 Thread 0x000001fcba70d9d0 redefined class name=java.io.FileOutputStream, count=1

Internal exceptions (20 events):
Event: 1.062 Thread 0x000001fcbfcf00b0 Exception <a 'java/lang/NoSuchMethodError'{0x000000070d173b18}: 'java.lang.Object java.lang.invoke.DirectMethodHandle$Holder.invokeStatic(java.lang.Object, long)'> (0x000000070d173b18) 
thrown [s\open\src\hotspot\share\interpreter\linkResolver.cpp, line 804]
Event: 1.063 Thread 0x000001fcbfcf00b0 Exception <a 'java/lang/NoSuchMethodError'{0x000000070d1840d0}: 'long java.lang.invoke.DelegatingMethodHandle$Holder.reinvoke_L(java.lang.Object, java.lang.Object)'> (0x000000070d1840d0) 
thrown [s\open\src\hotspot\share\interpreter\linkResolver.cpp, line 804]
Event: 2.119 Thread 0x000001fc9a2bc3a0 Exception <a 'java/lang/NoSuchMethodError'{0x000000070d1fa7e8}: 'double java.lang.invoke.DirectMethodHandle$Holder.invokeVirtual(java.lang.Object, java.lang.Object)'> (0x000000070d1fa7e8) 
thrown [s\open\src\hotspot\share\interpreter\linkResolver.cpp, line 804]
Event: 2.120 Thread 0x000001fc9a2bc3a0 Exception <a 'java/lang/NoSuchMethodError'{0x000000070ce0a948}: 'float java.lang.invoke.DirectMethodHandle$Holder.invokeVirtual(java.lang.Object, java.lang.Object)'> (0x000000070ce0a948) 
thrown [s\open\src\hotspot\share\interpreter\linkResolver.cpp, line 804]
Event: 2.228 Thread 0x000001fc9a2bc3a0 Exception <a 'sun/nio/fs/WindowsException'{0x000000070c690918}> (0x000000070c690918) 
thrown [s\open\src\hotspot\share\prims\jni.cpp, line 514]
Event: 2.382 Thread 0x000001fc9a2bc3a0 Exception <a 'java/lang/NoSuchMethodError'{0x000000070e014f60}: 'java.lang.Object java.lang.invoke.DirectMethodHandle$Holder.invokeStaticInit(java.lang.Object, long)'> (0x000000070e014f60) 
thrown [s\open\src\hotspot\share\interpreter\linkResolver.cpp, line 804]
Event: 2.415 Thread 0x000001fc9a2bc3a0 Exception <a 'java/lang/IncompatibleClassChangeError'{0x000000070e1b1fc0}: Found class java.lang.Object, but interface was expected> (0x000000070e1b1fc0) 
thrown [s\open\src\hotspot\share\interpreter\linkResolver.cpp, line 871]
Event: 2.417 Thread 0x000001fc9a2bc3a0 Exception <a 'java/lang/NoSuchMethodError'{0x000000070e1e2430}: 'java.lang.Object java.lang.invoke.DirectMethodHandle$Holder.invokeVirtual(java.lang.Object, java.lang.Object, java.lang.Object, java.lang.Object)'> (0x000000070e1e2430) 
thrown [s\open\src\hotspot\share\interpreter\linkResolver.cpp, line 804]
Event: 5.461 Thread 0x000001fcc1c152a0 Exception <a 'java/net/ConnectException'{0x000000070df626b0}: Connection refused: getsockopt> (0x000000070df626b0) 
thrown [s\open\src\hotspot\share\prims\jni.cpp, line 532]
Event: 5.472 Thread 0x000001fcc1c152a0 Exception <a 'java/net/ConnectException'{0x000000070df63b48}: Connection refused: getsockopt> (0x000000070df63b48) 
thrown [s\open\src\hotspot\share\prims\jni.cpp, line 532]
Event: 5.495 Thread 0x000001fcc1c152a0 Exception <a 'java/net/ConnectException'{0x000000070df64a58}: Connection refused: getsockopt> (0x000000070df64a58) 
thrown [s\open\src\hotspot\share\prims\jni.cpp, line 532]
Event: 5.565 Thread 0x000001fc9a2bc3a0 Exception <a 'java/lang/NoSuchMethodError'{0x000000070dd53c48}: 'java.lang.Object java.lang.invoke.DirectMethodHandle$Holder.newInvokeSpecial(java.lang.Object, java.lang.Object, int, int)'> (0x000000070dd53c48) 
thrown [s\open\src\hotspot\share\interpreter\linkResolver.cpp, line 804]
Event: 5.566 Thread 0x000001fc9a2bc3a0 Exception <a 'java/lang/NoSuchMethodError'{0x000000070dd6a630}: 'void java.lang.invoke.DirectMethodHandle$Holder.invokeStatic(java.lang.Object, java.lang.Object, int)'> (0x000000070dd6a630) 
thrown [s\open\src\hotspot\share\interpreter\linkResolver.cpp, line 804]
Event: 5.591 Thread 0x000001fcc1c1b830 Exception <a 'java/lang/NoSuchMethodError'{0x000000070dbc6ac8}: 'java.lang.Object java.lang.invoke.DirectMethodHandle$Holder.invokeSpecial(java.lang.Object, java.lang.Object, java.lang.Object, java.lang.Object, java.lang.Object, int)'> (0x000000070dbc6ac8) 
thrown [s\open\src\hotspot\share\interpreter\linkResolver.cpp, line 804]
Event: 5.596 Thread 0x000001fcc1c1b830 Exception <a 'java/lang/IncompatibleClassChangeError'{0x000000070d8278a0}: Found class java.lang.Object, but interface was expected> (0x000000070d8278a0) 
thrown [s\open\src\hotspot\share\interpreter\linkResolver.cpp, line 871]
Event: 5.606 Thread 0x000001fcc1c1b830 Exception <a 'java/lang/NoSuchMethodError'{0x000000070d924b30}: 'long java.lang.invoke.DirectMethodHandle$Holder.invokeStatic(java.lang.Object, long, long)'> (0x000000070d924b30) 
thrown [s\open\src\hotspot\share\interpreter\linkResolver.cpp, line 804]
Event: 5.609 Thread 0x000001fcc11bb440 Exception <a 'java/lang/NoSuchMethodError'{0x000000070e0f8df0}: 'int java.lang.invoke.DirectMethodHandle$Holder.invokeStatic(java.lang.Object, int, java.lang.Object)'> (0x000000070e0f8df0) 
thrown [s\open\src\hotspot\share\interpreter\linkResolver.cpp, line 804]
Event: 6.661 Thread 0x000001fcbfe82280 Exception <a 'java/lang/NoSuchMethodError'{0x000000070d7a01b8}: 'long java.lang.invoke.DirectMethodHandle$Holder.invokeStatic(java.lang.Object, java.lang.Object)'> (0x000000070d7a01b8) 
thrown [s\open\src\hotspot\share\interpreter\linkResolver.cpp, line 804]
Event: 6.672 Thread 0x000001fcbfe82280 Exception <a 'java/lang/NoSuchMethodError'{0x000000070d4131f0}: 'void java.lang.invoke.DirectMethodHandle$Holder.invokeSpecial(java.lang.Object, java.lang.Object, java.lang.Object, java.lang.Object, java.lang.Object, java.lang.Object, java.lang.Object)'> (0x000000070d4131f0) 
thrown [s\open\src\hotspot\share\interpreter\linkResolver.cpp, line 804]
Event: 6.689 Thread 0x000001fc9a2bc3a0 Exception <a 'java/lang/NoSuchMethodError'{0x000000070d52d350}: 'java.lang.Object java.lang.invoke.DirectMethodHandle$Holder.invokeSpecialIFC(java.lang.Object, java.lang.Object, java.lang.Object)'> (0x000000070d52d350) 
thrown [s\open\src\hotspot\share\interpreter\linkResolver.cpp, line 804]

VM Operations (20 events):
Event: 2.207 Executing non-safepoint VM operation: HandshakeAllThreads (Deoptimize)
Event: 2.207 Executing non-safepoint VM operation: HandshakeAllThreads (Deoptimize) done
Event: 2.263 Executing non-safepoint VM operation: HandshakeAllThreads (Deoptimize)
Event: 2.264 Executing non-safepoint VM operation: HandshakeAllThreads (Deoptimize) done
Event: 2.280 Executing non-safepoint VM operation: HandshakeAllThreads (Deoptimize)
Event: 2.280 Executing non-safepoint VM operation: HandshakeAllThreads (Deoptimize) done
Event: 2.367 Executing safepoint VM operation: CollectForMetadataAllocation (Metadata GC Threshold)
Event: 2.373 Executing safepoint VM operation: CollectForMetadataAllocation (Metadata GC Threshold) done
Event: 2.377 Executing safepoint VM operation: G1PauseRemark
Event: 2.379 Executing safepoint VM operation: G1PauseRemark done
Event: 2.380 Executing safepoint VM operation: G1PauseCleanup
Event: 2.380 Executing safepoint VM operation: G1PauseCleanup done
Event: 2.401 Executing non-safepoint VM operation: HandshakeAllThreads (Deoptimize)
Event: 2.401 Executing non-safepoint VM operation: HandshakeAllThreads (Deoptimize) done
Event: 5.542 Executing non-safepoint VM operation: HandshakeAllThreads (Deoptimize)
Event: 5.542 Executing non-safepoint VM operation: HandshakeAllThreads (Deoptimize) done
Event: 6.635 Executing non-safepoint VM operation: HandshakeAllThreads (Deoptimize)
Event: 6.635 Executing non-safepoint VM operation: HandshakeAllThreads (Deoptimize) done
Event: 6.659 Executing non-safepoint VM operation: HandshakeAllThreads (Deoptimize)
Event: 6.659 Executing non-safepoint VM operation: HandshakeAllThreads (Deoptimize) done

Memory protections (0 events):
No events

Nmethod flushes (0 events):
No events

Events (20 events):
Event: 0.852 Thread 0x000001fc9a2bc3a0 Thread added: 0x000001fcc061ed40
Event: 0.975 Thread 0x000001fcbfce0b70 Thread exited: 0x000001fcbfce0b70
Event: 1.056 Thread 0x000001fcbab143c0 Thread exited: 0x000001fcbab143c0
Event: 2.111 Thread 0x000001fcc061ed40 Thread exited: 0x000001fcc061ed40
Event: 2.164 Thread 0x000001fc9a2bc3a0 Thread added: 0x000001fcc061f510
Event: 2.212 Thread 0x000001fcba775540 Thread added: 0x000001fcc0a8dc00
Event: 2.402 Thread 0x000001fc9a2bc3a0 Thread added: 0x000001fcc11bac70
Event: 2.405 Thread 0x000001fc9a2bc3a0 Thread added: 0x000001fcc11bb440
Event: 2.407 Thread 0x000001fcc11bb440 Thread added: 0x000001fcc11bbc10
Event: 2.716 Thread 0x000001fcc0a8dc00 Thread exited: 0x000001fcc0a8dc00
Event: 5.437 Thread 0x000001fc9a2bc3a0 Thread added: 0x000001fcc1c16a10
Event: 5.440 Thread 0x000001fc9a2bc3a0 Thread added: 0x000001fcc1c18180
Event: 5.440 Thread 0x000001fc9a2bc3a0 Thread added: 0x000001fcc1c171e0
Event: 5.445 Thread 0x000001fcc1c18180 Thread added: 0x000001fcc1c152a0
Event: 5.541 Thread 0x000001fcc1c152a0 Thread added: 0x000001fcc1c1b060
Event: 5.573 Thread 0x000001fc9a2bc3a0 Thread added: 0x000001fcc1c1b830
Event: 5.573 Thread 0x000001fc9a2bc3a0 Thread added: 0x000001fcc1c198f0
Event: 5.610 Thread 0x000001fcc11bb440 Thread added: 0x000001fcbfe82280
Event: 5.612 Thread 0x000001fcc11bb440 Thread added: 0x000001fcbfe7ebd0
Event: 5.612 Thread 0x000001fcc11bb440 Thread added: 0x000001fcbfe84990


Dynamic libraries:
0x00007ff796880000 - 0x00007ff796890000 	C:\Program Files\Java\jdk-26.0.2.1\bin\java.exe
0x00007ff82ffe0000 - 0x00007ff830247000 	C:\windows\SYSTEM32\ntdll.dll
0x00007ff82f600000 - 0x00007ff82f6cb000 	C:\windows\System32\KERNEL32.DLL
0x00007ff82d460000 - 0x00007ff82d862000 	C:\windows\System32\KERNELBASE.dll
0x00007ff82da10000 - 0x00007ff82db5c000 	C:\windows\System32\ucrtbase.dll
0x00007ff8198e0000 - 0x00007ff8198fe000 	C:\Program Files\Java\jdk-26.0.2.1\bin\VCRUNTIME140.dll
0x00007ff817dd0000 - 0x00007ff817de7000 	C:\Program Files\Java\jdk-26.0.2.1\bin\jli.dll
0x00007ff82f950000 - 0x00007ff82fb1f000 	C:\windows\System32\USER32.dll
0x00007ff82d9e0000 - 0x00007ff82da07000 	C:\windows\System32\win32u.dll
0x00007ff802f30000 - 0x00007ff8031c0000 	C:\windows\WinSxS\amd64_microsoft.windows.common-controls_6595b64144ccf1df_6.0.26100.9278_none_3e0d1ba8e3303201\COMCTL32.dll
0x00007ff82e340000 - 0x00007ff82e36b000 	C:\windows\System32\GDI32.dll
0x00007ff82d2a0000 - 0x00007ff82d3c9000 	C:\windows\System32\gdi32full.dll
0x00007ff82fb30000 - 0x00007ff82fbd9000 	C:\windows\System32\msvcrt.dll
0x00007ff82d930000 - 0x00007ff82d9d3000 	C:\windows\System32\msvcp_win.dll
0x00007ff82e220000 - 0x00007ff82e251000 	C:\windows\System32\IMM32.DLL
0x00007ff819be0000 - 0x00007ff819bec000 	C:\Program Files\Java\jdk-26.0.2.1\bin\vcruntime140_1.dll
0x00007ffff2440000 - 0x00007ffff24cd000 	C:\Program Files\Java\jdk-26.0.2.1\bin\msvcp140.dll
0x00007fff64d90000 - 0x00007fff65c61000 	C:\Program Files\Java\jdk-26.0.2.1\bin\server\jvm.dll
0x00007ff82e800000 - 0x00007ff82e8bc000 	C:\windows\System32\ADVAPI32.dll
0x00007ff82fe30000 - 0x00007ff82fed9000 	C:\windows\System32\sechost.dll
0x00007ff82f830000 - 0x00007ff82f948000 	C:\windows\System32\RPCRT4.dll
0x00007ff82e390000 - 0x00007ff82e410000 	C:\windows\System32\WS2_32.dll
0x00007ff82d040000 - 0x00007ff82d09e000 	C:\windows\SYSTEM32\POWRPROF.dll
0x00007ff80e100000 - 0x00007ff80e136000 	C:\windows\SYSTEM32\WINMM.dll
0x00007ff814020000 - 0x00007ff81402b000 	C:\windows\SYSTEM32\VERSION.dll
0x00007ff82d020000 - 0x00007ff82d035000 	C:\windows\SYSTEM32\UMPDC.dll
0x00007ff82b850000 - 0x00007ff82b86b000 	C:\windows\SYSTEM32\kernel.appcore.dll
0x00007ff819b30000 - 0x00007ff819b3a000 	C:\Program Files\Java\jdk-26.0.2.1\bin\jimage.dll
0x00007ff820a70000 - 0x00007ff820cbc000 	C:\windows\SYSTEM32\DBGHELP.DLL
0x00007ff82e470000 - 0x00007ff82e7f5000 	C:\windows\System32\combase.dll
0x00007ff82e260000 - 0x00007ff82e339000 	C:\windows\System32\OLEAUT32.dll
0x00007ffff4180000 - 0x00007ffff41bb000 	C:\windows\SYSTEM32\dbgcore.DLL
0x00007ff82d1e0000 - 0x00007ff82d28c000 	C:\windows\System32\bcryptPrimitives.dll
0x00007ff819cb0000 - 0x00007ff819cc0000 	C:\Program Files\Java\jdk-26.0.2.1\bin\instrument.dll
0x00007ff8158b0000 - 0x00007ff8158cf000 	C:\Program Files\Java\jdk-26.0.2.1\bin\java.dll
0x00007ff82e8e0000 - 0x00007ff82ea7a000 	C:\windows\System32\ole32.dll
0x00007ff82ee60000 - 0x00007ff82f5f8000 	C:\windows\System32\SHELL32.dll
0x00007ff80da80000 - 0x00007ff80da96000 	C:\Program Files\Java\jdk-26.0.2.1\bin\zip.dll
0x00007ff82a2e0000 - 0x00007ff82ab8e000 	C:\windows\SYSTEM32\windows.storage.dll
0x00007ff82eaf0000 - 0x00007ff82ebeb000 	C:\windows\System32\SHCORE.dll
0x00007ff82ea80000 - 0x00007ff82eae6000 	C:\windows\System32\shlwapi.dll
0x00007ff82d100000 - 0x00007ff82d129000 	C:\windows\SYSTEM32\profapi.dll
0x00007ff8141c0000 - 0x00007ff8141d2000 	C:\Program Files\Java\jdk-26.0.2.1\bin\net.dll
0x00007ff82bf20000 - 0x00007ff82bf8c000 	C:\windows\system32\mswsock.dll
0x00007ff8137c0000 - 0x00007ff8137d6000 	C:\Program Files\Java\jdk-26.0.2.1\bin\nio.dll
0x00007ff818e20000 - 0x00007ff818e30000 	C:\Program Files\Java\jdk-26.0.2.1\bin\verify.dll
0x00007ff82b020000 - 0x00007ff82b178000 	C:\windows\SYSTEM32\DNSAPI.dll
0x00007ff82bd20000 - 0x00007ff82bd2d000 	C:\windows\SYSTEM32\DSPARSE.dll
0x00007ff82afe0000 - 0x00007ff82b013000 	C:\windows\SYSTEM32\IPHLPAPI.DLL
0x00007ff82fdc0000 - 0x00007ff82fdca000 	C:\windows\System32\NSI.dll
0x00007ff8197d0000 - 0x00007ff8197d9000 	C:\Program Files\Java\jdk-26.0.2.1\bin\extnet.dll
0x00007ff814010000 - 0x00007ff81401b000 	C:\Windows\System32\rasadhlp.dll
0x00007ff825cb0000 - 0x00007ff825d36000 	C:\windows\System32\fwpuclnt.dll
0x00007ff819ca0000 - 0x00007ff819caa000 	C:\Program Files\Java\jdk-26.0.2.1\bin\management.dll
0x00007ff818940000 - 0x00007ff81894c000 	C:\Program Files\Java\jdk-26.0.2.1\bin\management_ext.dll
0x00007ff82e8d0000 - 0x00007ff82e8d8000 	C:\windows\System32\PSAPI.DLL
0x00007ff82c310000 - 0x00007ff82c32b000 	C:\windows\SYSTEM32\CRYPTSP.dll
0x00007ff82b7b0000 - 0x00007ff82b7e9000 	C:\windows\system32\rsaenh.dll
0x00007ff82bfd0000 - 0x00007ff82c004000 	C:\windows\SYSTEM32\USERENV.dll
0x00007ff82d0d0000 - 0x00007ff82d0fa000 	C:\windows\SYSTEM32\bcrypt.dll
0x00007ff82c2e0000 - 0x00007ff82c2ec000 	C:\windows\SYSTEM32\CRYPTBASE.dll
0x00007ff815390000 - 0x00007ff8153a8000 	C:\windows\system32\napinsp.dll
0x00007ff815370000 - 0x00007ff815383000 	C:\windows\System32\winrnr.dll
0x00007ff829500000 - 0x00007ff829527000 	C:\windows\system32\nlansp_c.dll
0x00007ff81b3e0000 - 0x00007ff81b3f6000 	C:\windows\system32\wshbth.dll
0x00007ffff9a40000 - 0x00007ffff9a98000 	C:\windows\SYSTEM32\pdh.dll
0x00007ff82c8a0000 - 0x00007ff82c8b2000 	C:\windows\System32\perfproc.dll
0x00007ffff5670000 - 0x00007ffff5681000 	C:\windows\System32\perfos.dll
0x00007ff82ae10000 - 0x00007ff82ae22000 	C:\windows\SYSTEM32\pfclient.dll
0x00007ff818930000 - 0x00007ff81893e000 	C:\Program Files\Java\jdk-26.0.2.1\bin\sunmscapi.dll
0x00007ff82db70000 - 0x00007ff82dcee000 	C:\windows\System32\CRYPT32.dll
0x00007ff82c540000 - 0x00007ff82c570000 	C:\windows\SYSTEM32\ncrypt.dll
0x00007ff82c410000 - 0x00007ff82c44f000 	C:\windows\SYSTEM32\NTASN1.dll
0x00007ffff30a0000 - 0x00007ffff30a8000 	C:\windows\system32\wshunix.dll

JVMTI agents:
C:\Users\GovindJ\AppData\Local\JetBrains\IntelliJIdea2026.2\captureAgent\debugger-agent.jar path:C:\Program Files\Java\jdk-26.0.2.1\bin\instrument.dll, loaded, initialized, instrumentlib options:file:///C:/Users/GovindJ/AppData/Local/Temp/capture1251732291795831379.props
C:\Program Files\JetBrains\IntelliJ IDEA 2026.2.1\lib\idea_rt.jar path:C:\Program Files\Java\jdk-26.0.2.1\bin\instrument.dll, loaded, initialized, instrumentlib options:56065

dbghelp: loaded successfully - version: 4.0.5 - missing functions: none
symbol engine: initialized successfully - sym options: 0x614 - pdb path: .;C:\Program Files\Java\jdk-26.0.2.1\bin;C:\windows\SYSTEM32;C:\windows\WinSxS\amd64_microsoft.windows.common-controls_6595b64144ccf1df_6.0.26100.9278_none_3e0d1ba8e3303201;C:\Program Files\Java\jdk-26.0.2.1\bin\server

VM Arguments:
jvm_args: -javaagent:C:\Users\GovindJ\AppData\Local\JetBrains\IntelliJIdea2026.2\captureAgent\debugger-agent.jar=file:///C:/Users/GovindJ/AppData/Local/Temp/capture1251732291795831379.props -ea -Didea.test.cyclic.buffer.size=1048576 -javaagent:C:\Program Files\JetBrains\IntelliJ IDEA 2026.2.1\lib\idea_rt.jar=56065 -Dkotlinx.coroutines.debug.enable.creation.stack.trace=false -Ddebugger.agent.enable.coroutines=true -Dkotlinx.coroutines.debug.enable.flows.stack.trace=true -Dkotlinx.coroutines.debug.enable.mutable.state.flows.stack.trace=true -Ddebugger.async.stack.trace.for.all.threads=true -Ddebugger.agent.enable.log.capture=true -Dfile.encoding=UTF-8 -Dsun.stdout.encoding=UTF-8 -Dsun.stderr.encoding=UTF-8 
java_command: com.intellij.rt.junit.JUnitStarter -ideVersion5 -junit5 tests.RequestLoanResultTest
java_class_path (initial): C:\Users\GovindJ\.m2\repository\org\junit\platform\junit-platform-launcher\1.13.4\junit-platform-launcher-1.13.4.jar;C:\Program Files\JetBrains\IntelliJ IDEA 2026.2.1\lib\idea_rt.jar;C:\Program Files\JetBrains\IntelliJ IDEA 2026.2.1\plugins\junit\lib\junit5-rt.jar;C:\Program Files\JetBrains\IntelliJ IDEA 2026.2.1\plugins\junit\lib\junit-rt.jar;C:\Users\GovindJ\Music\selenium practice\ParaBank-SeleniumTesting\target\test-classes;C:\Users\GovindJ\.m2\repository\org\seleniumhq\selenium\selenium-java\4.35.0\selenium-java-4.35.0.jar;C:\Users\GovindJ\.m2\repository\org\seleniumhq\selenium\selenium-api\4.35.0\selenium-api-4.35.0.jar;C:\Users\GovindJ\.m2\repository\org\jspecify\jspecify\1.0.0\jspecify-1.0.0.jar;C:\Users\GovindJ\.m2\repository\org\seleniumhq\selenium\selenium-chrome-driver\4.35.0\selenium-chrome-driver-4.35.0.jar;C:\Users\GovindJ\.m2\repository\com\google\auto\service\auto-service-annotations\1.1.1\auto-service-annotations-1.1.1.jar;C:\Users\GovindJ\.m2\repository\org\seleniumhq\selenium\selenium-chromium-driver\4.35.0\selenium-chromium-driver-4.35.0.jar;C:\Users\GovindJ\.m2\repository\org\seleniumhq\selenium\selenium-json\4.35.0\selenium-json-4.35.0.jar;C:\Users\GovindJ\.m2\repository\org\seleniumhq\selenium\selenium-manager\4.35.0\selenium-manager-4.35.0.jar;C:\Users\GovindJ\.m2\repository\org\seleniumhq\selenium\selenium-devtools-v137\4.35.0\selenium-devtools-v137-4.35.0.jar;C:\Users\GovindJ\.m2\repository\org\seleniumhq\selenium\selenium-devtools-v138\4.35.0\selenium-devtools-v138-4.35.0.jar;C:\Users\GovindJ\.m2\repository\org\seleniumhq\selenium\selenium-devtools-v139\4.35.0\selenium-devtools-v139-4.35.0.jar;C:\Users\GovindJ\.m2\repository\org\seleniumhq\selenium\selenium-edge-driver\4.35.0\selenium-edge-driver-4.35.0.jar;C:\Users\GovindJ\.m2\repository\org\seleniumhq\selenium\selenium-firefox-driver\4.35.0\selenium-firefox-driver-4.35.0.jar;C:\Users\GovindJ\.m2\repository\org\seleniumhq\selenium\selenium-http\4.35.0\selenium-http-4.35.0.jar;C:\Users\GovindJ\.m2\repository\org\seleniumhq\selenium\selenium-ie-driver\4.35.0\selenium-ie-driver-4.35.0.jar;C:\Users\GovindJ\.m2\repository\org\seleniumhq\selenium\selenium-remote-driver\4.35.0\selenium-remote-driver-4.35.0.jar;C:\Users\GovindJ\.m2\repository\com\google\guava\guava\33.4.8-jre\guava-33.4.8-jre.jar;C:\Users\GovindJ\.m2\repository\com\google\guava\failureaccess\1.0.3\failureaccess-1.0.3.jar;C:\Users\GovindJ\.m2\repository\com\google\guava\listenablefuture\9999.0-empty-to-avoid-conflict-with-guava\listenablefuture-9999.0-empty-to-avoid-conflict-with-guava.jar;C:\Users\GovindJ\.m2\repository\com\google\errorprone\error_prone_annotations\2.36.0\error_prone_annotations-2.36.0.jar;C:\Users\GovindJ\.m2\repository\com\google\j2objc\j2objc-annotations\3.0.0\j2objc-annotations-3.0.0.jar;C:\Users\GovindJ\.m2\repository\io\opentelemetry\opentelemetry-api\1.53.0\opentelemetry-api-1.53.0.jar;C:\Users\GovindJ\.m2\repository\io\opentelemetry\opentelemetry-context\1.53.0\opentelemetry-context-1.53.0.jar;C:\Users\GovindJ\.m2\repository\io\opentelemetry\opentelemetry-common\1.53.0\opentelemetry-common-1.53.0.jar;C:\Users\GovindJ\.m2\repository\io\opentelemetry\opentelemetry-exporter-logging\1.53.0\opentelemetry-exporter-logging-1.53.0.jar;C:\Users\GovindJ\.m2\repository\io\opentelemetry\opentelemetry-sdk-common\1.53.0\opentelemetry-sdk-common-1.53.0.jar;C:\Users\GovindJ\.m2\repository\io\opentelemetry\opentelemetry-sdk-extension-autoconfigure-spi\1.53.0\opentelemetry-sdk-extension-autoconfigure-spi-1.53.0.jar;C:\Users\GovindJ\.m2\repository\io\opentelemetry\opentelemetry-sdk-extension-autoconfigure\1.53.0\opentelemetry-sdk-extension-autoconfigure-1.53.0.jar;C:\Users\GovindJ\.m2\repository\io\opentelemetry\opentelemetry-sdk-trace\1.53.0\opentelemetry-sdk-trace-1.53.0.jar;C:\Users\GovindJ\.m2\repository\io\opentelemetry\opentelemetry-sdk\1.53.0\opentelemetry-sdk-1.53.0.jar;C:\Users\GovindJ\.m2\repository\io\opentelemetry\opentelemetry-sdk-metrics\1.53.0\opentelemetry-sdk-metrics-1.53.0.jar;C:\Users\GovindJ\.m2\repository\io\opentelemetry\opentelemetry-sdk-logs\1.53.0\opentelemetry-sdk-logs-1.53.0.jar;C:\Users\GovindJ\.m2\repository\net\bytebuddy\byte-buddy\1.17.6\byte-buddy-1.17.6.jar;C:\Users\GovindJ\.m2\repository\org\seleniumhq\selenium\selenium-os\4.35.0\selenium-os-4.35.0.jar;C:\Users\GovindJ\.m2\repository\org\apache\commons\commons-exec\1.5.0\commons-exec-1.5.0.jar;C:\Users\GovindJ\.m2\repository\org\seleniumhq\selenium\selenium-safari-driver\4.35.0\selenium-safari-driver-4.35.0.jar;C:\Users\GovindJ\.m2\repository\org\seleniumhq\selenium\selenium-support\4.35.0\selenium-support-4.35.0.jar;C:\Users\GovindJ\.m2\repository\org\junit\jupiter\junit-jupiter\5.13.4\junit-jupiter-5.13.4.jar;C:\Users\GovindJ\.m2\repository\org\junit\jupiter\junit-jupiter-api\5.13.4\junit-jupiter-api-5.13.4.jar;C:\Users\GovindJ\.m2\repository\org\opentest4j\opentest4j\1.3.0\opentest4j-1.3.0.jar;C:\Users\GovindJ\.m2\repository\org\junit\platform\junit-platform-commons\1.13.4\junit-platform-commons-1.13.4.jar;C:\Users\GovindJ\.m2\repository\org\apiguardian\apiguardian-api\1.1.2\apiguardian-api-1.1.2.jar;C:\Users\GovindJ\.m2\repository\org\junit\jupiter\junit-jupiter-params\5.13.4\junit-jupiter-params-5.13.4.jar;C:\Users\GovindJ\.m2\repository\org\junit\jupiter\junit-jupiter-engine\5.13.4\junit-jupiter-engine-5.13.4.jar;C:\Users\GovindJ\.m2\repository\org\junit\platform\junit-platform-engine\1.13.4\junit-platform-engine-1.13.4.jar;C:\Users\GovindJ\.m2\repository\io\github\bonigarcia\webdrivermanager\5.8.0\webdrivermanager-5.8.0.jar;C:\Users\GovindJ\.m2\repository\org\slf4j\slf4j-api\2.0.12\slf4j-api-2.0.12.jar;C:\Users\GovindJ\.m2\repository\com\google\code\gson\gson\2.10.1\gson-2.10.1.jar;C:\Users\GovindJ\.m2\repository\com\github\docker-java\docker-java\3.3.6\docker-java-3.3.6.jar;C:\Users\GovindJ\.m2\repository\com\github\docker-java\docker-java-core\3.3.6\docker-java-core-3.3.6.jar;C:\Users\GovindJ\.m2\repository\com\github\docker-java\docker-java-api\3.3.6\docker-java-api-3.3.6.jar;C:\Users\GovindJ\.m2\repository\com\fasterxml\jackson\core\jackson-annotations\2.10.3\jackson-annotations-2.10.3.jar;C:\Users\GovindJ\.m2\repository\com\fasterxml\jackson\core\jackson-databind\2.10.3\jackson-databind-2.10.3.jar;C:\Users\GovindJ\.m2\repository\com\fasterxml\jackson\core\jackson-core\2.10.3\jackson-core-2.10.3.jar;C:\Users\GovindJ\.m2\repository\org\bouncycastle\bcpkix-jdk18on\1.76\bcpkix-jdk18on-1.76.jar;C:\Users\GovindJ\.m2\repository\org\bouncycastle\bcprov-jdk18on\1.76\bcprov-jdk18on-1.76.jar;C:\Users\GovindJ\.m2\repository\org\bouncycastle\bcutil-jdk18on\1.76\bcutil-jdk18on-1.76.jar;C:\Users\GovindJ\.m2\repository\org\slf4j\jcl-over-slf4j\1.7.30\jcl-over-slf4j-1.7.30.jar;C:\Users\GovindJ\.m2\repository\com\github\docker-java\docker-java-transport-httpclient5\3.3.6\docker-java-transport-httpclient5-3.3.6.jar;C:\Users\GovindJ\.m2\repository\com\github\docker-java\docker-java-transport\3.3.6\docker-java-transport-3.3.6.jar;C:\Users\GovindJ\.m2\repository\net\java\dev\jna\jna\5.13.0\jna-5.13.0.jar;C:\Users\GovindJ\.m2\repository\org\brotli\dec\0.1.2\dec-0.1.2.jar;C:\Users\GovindJ\.m2\repository\org\apache\commons\commons-lang3\3.14.0\commons-lang3-3.14.0.jar;C:\Users\GovindJ\.m2\repository\org\apache\commons\commons-compress\1.26.1\commons-compress-1.26.1.jar;C:\Users\GovindJ\.m2\repository\commons-codec\commons-codec\1.16.1\commons-codec-1.16.1.jar;C:\Users\GovindJ\.m2\repository\commons-io\commons-io\2.15.1\commons-io-2.15.1.jar;C:\Users\GovindJ\.m2\repository\org\apache\httpcomponents\client5\httpclient5\5.2.1\httpclient5-5.2.1.jar;C:\Users\GovindJ\.m2\repository\org\apache\httpcomponents\core5\httpcore5\5.2\httpcore5-5.2.jar;C:\Users\GovindJ\.m2\repository\org\apache\httpcomponents\core5\httpcore5-h2\5.2\httpcore5-h2-5.2.jar;C:\Users\GovindJ\.m2\repository\org\testng\testng\7.12.0\testng-7.12.0.jar;C:\Users\GovindJ\.m2\repository\org\jcommander\jcommander\1.83\jcommander-1.83.jar;C:\Users\GovindJ\.m2\repository\org\webjars\jquery\3.7.1\jquery-3.7.1.jar
Launcher Type: SUN_STANDARD

[Global flags]
     bool AOTAdapterCaching                        = false                                  {diagnostic} {ergonomic}
     bool AOTInvokeDynamicLinking                  = false                                  {diagnostic} {ergonomic}
     bool AOTRecordTraining                        = false                                  {diagnostic} {ergonomic}
     bool AOTReplayTraining                        = false                                  {diagnostic} {ergonomic}
     bool AOTStubCaching                           = false                                  {diagnostic} {ergonomic}
     intx CICompilerCount                          = 4                                         {product} {ergonomic}
     uint ConcGCThreads                            = 3                                         {product} {ergonomic}
     uint G1ConcRefinementThreads                  = 11                                        {product} {ergonomic}
     uint G1EagerReclaimRemSetThreshold            = 16                                   {experimental} {ergonomic}
   size_t G1HeapRegionSize                         = 2097152                                   {product} {ergonomic}
     uint G1RemSetArrayOfCardsEntries              = 16                                   {experimental} {ergonomic}
     uint G1RemSetHowlMaxNumBuckets                = 8                                    {experimental} {ergonomic}
     uint G1RemSetHowlNumBuckets                   = 8                                    {experimental} {ergonomic}
   size_t InitialHeapSize                          = 8388608                                   {product} {ergonomic}
     bool IntelJccErratumMitigation                = false                             {ARCH diagnostic} {ergonomic}
   size_t MarkStackSize                            = 4194304                                   {product} {ergonomic}
   size_t MarkStackSizeMax                         = 536870912                                 {product} {ergonomic}
   size_t MaxHeapSize                              = 4150263808                                {product} {ergonomic}
   size_t MaxNewSize                               = 2489319424                                {product} {ergonomic}
 uint64_t MaxRAM                                   = 16597598208                               {product} {ergonomic}
   size_t MinHeapDeltaBytes                        = 2097152                                   {product} {ergonomic}
   size_t MinHeapSize                              = 8388608                                   {product} {ergonomic}
   size_t NonNMethodCodeHeapSize                   = 5898240                                {pd product} {ergonomic}
   size_t NonProfiledCodeHeapSize                  = 122945536                              {pd product} {ergonomic}
   size_t ProfiledCodeHeapSize                     = 122945536                              {pd product} {ergonomic}
   size_t ReservedCodeCacheSize                    = 251789312                              {pd product} {ergonomic}
     bool SegmentedCodeCache                       = true                                      {product} {ergonomic}
   size_t SoftMaxHeapSize                          = 4150263808                             {manageable} {ergonomic}
     bool UseCompressedOops                        = true                           {product lp64_product} {ergonomic}
     bool UseCondCardMark                          = true                                      {product} {ergonomic}
     bool UseFastUnorderedTimeStamps               = true                                 {experimental} {ergonomic}
     bool UseG1GC                                  = true                                      {product} {ergonomic}
     bool UseLargePagesIndividualAllocation        = false                                  {pd product} {ergonomic}
      int X86ICacheSync                            = 3                                 {ARCH diagnostic} {ergonomic}

Logging:
Log output configuration:
 #0: stdout all=warning uptime,level,tags foldmultilines=false
 #1: stderr all=off uptime,level,tags foldmultilines=false

Release file:
IMPLEMENTOR="Oracle Corporation" 
JAVA_RUNTIME_VERSION="26.0.2.1+1-7" 
JAVA_VERSION="26.0.2.1" 
JAVA_VERSION_DATE="2026-08-18" 
LIBC="default" 
MODULES="java.base java.compiler java.datatransfer java.xml java.prefs java.desktop java.instrument java.logging java.management java.security.sasl java.naming java.rmi java.management.rmi java.net.http java.scripting java.security.jgss java.transaction.xa java.sql java.sql.rowset java.xml.crypto java.se java.smartcardio jdk.accessibility jdk.internal.jvmstat jdk.attach jdk.charsets jdk.internal.opt jdk.zipfs jdk.compiler jdk.crypto.cryptoki jdk.crypto.ec jdk.crypto.mscapi jdk.dynalink jdk.internal.ed jdk.editpad jdk.internal.vm.ci jdk.graal.compiler jdk.graal.compiler.management jdk.hotspot.agent jdk.httpserver jdk.incubator.vector jdk.internal.le jdk.internal.md jdk.jartool jdk.javadoc jdk.jcmd jdk.management jdk.management.agent jdk.jconsole jdk.jdeps jdk.jdwp.agent jdk.jdi jdk.jfr jdk.jlink jdk.jpackage jdk.jshell jdk.jstatd jdk.localedata jdk.management.jfr jdk.naming.dns jdk.naming.rmi jdk.net jdk.nio.mapmode jdk.sctp jdk.security.auth jdk.security.jgss jdk.unsupported jdk.unsupported.desktop jdk.xml.dom" 
OS_ARCH="x86_64" 
OS_NAME="Windows" 
SOURCE=".:git:0d9eee3548f0 open:git:d55edf1cba61" 

Environment Variables:
PATH=C:\Python314\Scripts\;C:\Python314\;C:\Program Files\Common Files\Oracle\Java\javapath;C:\windows\system32;C:\windows;C:\windows\System32\Wbem;C:\windows\System32\WindowsPowerShell\v1.0\;C:\windows\System32\OpenSSH\;C:\Program Files\dotnet\;C:\Program Files\Java\jdk-26.0.2.1\bin;C:\Program Files\Git\cmd;C:\ProgramData\chocolatey\bin;C:\Program Files\nodejs\;C:\Users\GovindJ\AppData\Local\Microsoft\WindowsApps;C:\Program Files\JetBrains\IntelliJ IDEA 2026.2.1\bin;C:\Program Files\Git\bin\git.exe;C:\Users\GovindJ\AppData\Local\Programs\IBM Bob\bin;C:\Users\GovindJ\AppData\Roaming\npm
USERNAME=GovindJ
OS=Windows_NT
PROCESSOR_IDENTIFIER=Intel64 Family 6 Model 181 Stepping 0, GenuineIntel
TMP=C:\Users\GovindJ\AppData\Local\Temp
TEMP=C:\Users\GovindJ\AppData\Local\Temp




Compilation memory statistics disabled.

Periodic native trim disabled

---------------  S Y S T E M  ---------------

OS:
 Windows 11 , 64 bit Build 26100 (10.0.26100.9444)
OS uptime: 0 days 6:29 hours
Hyper-V role detected

CPU: total 14 (initial active 14) (hybrid) family 6 model 181 stepping 0 microcode 0xe, cx8, cmov, fxsr, ht, mmx, 3dnowpref, sse, sse2, sse3, ssse3, sse4.1, sse4.2, popcnt, lzcnt, tsc, tscinvbit, avx, avx2, aes, erms, clmul, bmi1, bmi2, adx, sha, fma, vzeroupper, clflush, clflushopt, clwb, hv, serialize, rdtscp, rdpid, fsrm, gfni, f16c, cet_ibt, cet_ss, hybrid
Processor Information for processor 0
  Max Mhz: 2000, Current Mhz: 2000, Mhz Limit: 2000
Processor Information for processor 1
  Max Mhz: 2000, Current Mhz: 2000, Mhz Limit: 2000
Processor Information for processor 2
  Max Mhz: 1600, Current Mhz: 1600, Mhz Limit: 1600
Processor Information for processor 3
  Max Mhz: 1600, Current Mhz: 1527, Mhz Limit: 1600
Processor Information for processor 4
  Max Mhz: 1600, Current Mhz: 1600, Mhz Limit: 1600
Processor Information for processor 5
  Max Mhz: 1600, Current Mhz: 1600, Mhz Limit: 1600
Processor Information for processor 6
  Max Mhz: 1600, Current Mhz: 1527, Mhz Limit: 1600
Processor Information for processor 7
  Max Mhz: 1600, Current Mhz: 1600, Mhz Limit: 1600
Processor Information for processor 8
  Max Mhz: 1600, Current Mhz: 1527, Mhz Limit: 1600
Processor Information for processor 9
  Max Mhz: 1600, Current Mhz: 1527, Mhz Limit: 1600
Processor Information for processor 10
  Max Mhz: 2000, Current Mhz: 2000, Mhz Limit: 2000
Processor Information for processor 11
  Max Mhz: 2000, Current Mhz: 2000, Mhz Limit: 2000
Processor Information for processor 12
  Max Mhz: 700, Current Mhz: 700, Mhz Limit: 700
Processor Information for processor 13
  Max Mhz: 700, Current Mhz: 700, Mhz Limit: 700

Memory: 4k page, system-wide physical 15828M (2599M free)
TotalPageFile size 15828M (AvailPageFile size 0M)
current process WorkingSet (physical memory assigned to process): 182M, peak: 182M
current process commit charge ("private bytes"): 250M, peak: 264M

vm_info: Java HotSpot(TM) 64-Bit Server VM (26.0.2.1+1-7) for windows-amd64 JRE (26.0.2.1+1-7), built on 2026-07-24T06:55:58Z with MS VC++ 17.13 (VS2022)

END.
